// Jest Snapshot v1, https://goo.gl/fbAQLP

exports[`Snapshot test for the component 1`] = `
<div>
  <div
    className="App"
  >
    <h1>
      iTunes Search
    </h1>
    <div>
      <a
        href="/fav"
        onClick={[Function]}
      >
        <p>
          Favourites
        </p>
      </a>
      <form
        onSubmit={[Function]}
      >
        <select
          onChange={[Function]}
        >
          <option>
            all
          </option>
          <option>
            movie
          </option>
          <option>
            music
          </option>
          <option>
            podcast
          </option>
          <option>
            musicVideo
          </option>
          <option>
            audiobook
          </option>
          <option>
            shortFilm
          </option>
          <option>
            tvShow
          </option>
          <option>
            software
          </option>
          <option>
            ebook
          </option>
        </select>
        <br />
        <input
          onChange={[Function]}
          required={true}
          type="text"
        />
        <button
          id="searchbtn"
        >
          Search
        </button>
      </form>
      <div>
        <h1>
          SearchResults:
        </h1>
      </div>
    </div>
  </div>
</div>
`;
